Archive member included because of file (symbol)

c:/program files (x86)/codesourcery/sourcery_codebench_lite_for_arm_eabi/bin/../lib/gcc/arm-none-eabi/4.7.2/thumb2\libgcc.a(_arm_addsubdf3.o)
                              build/obj/chprintf.o (__aeabi_dsub)
c:/program files (x86)/codesourcery/sourcery_codebench_lite_for_arm_eabi/bin/../lib/gcc/arm-none-eabi/4.7.2/thumb2\libgcc.a(_arm_muldivdf3.o)
                              build/obj/chprintf.o (__aeabi_dmul)
c:/program files (x86)/codesourcery/sourcery_codebench_lite_for_arm_eabi/bin/../lib/gcc/arm-none-eabi/4.7.2/thumb2\libgcc.a(_arm_fixdfsi.o)
                              build/obj/chprintf.o (__aeabi_d2iz)
c:/program files (x86)/codesourcery/sourcery_codebench_lite_for_arm_eabi/bin/../lib/gcc/arm-none-eabi/4.7.2/thumb2\libgcc.a(_arm_fixunsdfsi.o)
                              build/obj/main.o (__aeabi_d2uiz)
c:/program files (x86)/codesourcery/sourcery_codebench_lite_for_arm_eabi/bin/../lib/gcc/arm-none-eabi/4.7.2/thumb2\libgcc.a(_arm_truncdfsf2.o)
                              build/obj/chprintf.o (__aeabi_d2f)
c:/program files (x86)/codesourcery/sourcery_codebench_lite_for_arm_eabi/bin/../lib/gcc/arm-none-eabi/4.7.2/thumb2\libgcc.a(_arm_cmpsf2.o)
                              build/obj/chprintf.o (__aeabi_fcmplt)
c:/program files (x86)/codesourcery/sourcery_codebench_lite_for_arm_eabi/bin/../lib/gcc/arm-none-eabi/4.7.2/thumb2\libgcc.a(_arm_fixsfsi.o)
                              build/obj/chprintf.o (__aeabi_f2iz)

Discarded input sections

 .text          0x00000000        0x0 build/obj/crt0.o
 .data          0x00000000        0x0 build/obj/crt0.o
 .bss           0x00000000        0x0 build/obj/crt0.o
 .text.__early_init
                0x00000000       0x10 build/obj/crt0.o
 .text          0x00000000        0x0 build/obj/vectors.o
 .data          0x00000000        0x0 build/obj/vectors.o
 .bss           0x00000000        0x0 build/obj/vectors.o
 .text          0x00000000        0x0 build/obj/chcore.o
 .data          0x00000000        0x0 build/obj/chcore.o
 .bss           0x00000000        0x0 build/obj/chcore.o
 .text          0x00000000        0x0 build/obj/chcore_v7m.o
 .data          0x00000000        0x0 build/obj/chcore_v7m.o
 .bss           0x00000000        0x0 build/obj/chcore_v7m.o
 .text          0x00000000        0x0 build/obj/nvic.o
 .data          0x00000000        0x0 build/obj/nvic.o
 .bss           0x00000000        0x0 build/obj/nvic.o
 .text.nvicDisableVector
                0x00000000       0x40 build/obj/nvic.o
 .text          0x00000000        0x0 build/obj/chsys.o
 .data          0x00000000        0x0 build/obj/chsys.o
 .bss           0x00000000        0x0 build/obj/chsys.o
 .text          0x00000000        0x0 build/obj/chdebug.o
 .data          0x00000000        0x0 build/obj/chdebug.o
 .bss           0x00000000        0x0 build/obj/chdebug.o
 .debug_info    0x00000000       0x72 build/obj/chdebug.o
 .debug_abbrev  0x00000000       0x26 build/obj/chdebug.o
 .debug_aranges
                0x00000000       0x18 build/obj/chdebug.o
 .debug_line    0x00000000       0x1d build/obj/chdebug.o
 .debug_str     0x00000000       0xd8 build/obj/chdebug.o
 .comment       0x00000000       0x31 build/obj/chdebug.o
 .ARM.attributes
                0x00000000       0x33 build/obj/chdebug.o
 .text          0x00000000        0x0 build/obj/chlists.o
 .data          0x00000000        0x0 build/obj/chlists.o
 .bss           0x00000000        0x0 build/obj/chlists.o
 .debug_info    0x00000000       0x72 build/obj/chlists.o
 .debug_abbrev  0x00000000       0x26 build/obj/chlists.o
 .debug_aranges
                0x00000000       0x18 build/obj/chlists.o
 .debug_line    0x00000000       0x1d build/obj/chlists.o
 .debug_str     0x00000000       0xd8 build/obj/chlists.o
 .comment       0x00000000       0x31 build/obj/chlists.o
 .ARM.attributes
                0x00000000       0x33 build/obj/chlists.o
 .text          0x00000000        0x0 build/obj/chvt.o
 .data          0x00000000        0x0 build/obj/chvt.o
 .bss           0x00000000        0x0 build/obj/chvt.o
 .text.chTimeIsWithin
                0x00000000       0x30 build/obj/chvt.o
 .text          0x00000000        0x0 build/obj/chschd.o
 .data          0x00000000        0x0 build/obj/chschd.o
 .bss           0x00000000        0x0 build/obj/chschd.o
 .text.chSchRescheduleS
                0x00000000       0x20 build/obj/chschd.o
 .text          0x00000000        0x0 build/obj/chthreads.o
 .data          0x00000000        0x0 build/obj/chthreads.o
 .bss           0x00000000        0x0 build/obj/chthreads.o
 .text.chThdSetPriority
                0x00000000       0x30 build/obj/chthreads.o
 .text.chThdResume
                0x00000000       0x20 build/obj/chthreads.o
 .text.chThdTerminate
                0x00000000       0x20 build/obj/chthreads.o
 .text.chThdSleep
                0x00000000       0x20 build/obj/chthreads.o
 .text.chThdSleepUntil
[...]
Memory Configuration

Name             Origin             Length             Attributes
flash            0x08000000         0x00100000
ram              0x20000000         0x0001c000
ethram           0x2001c000         0x00004000
ccmram           0x10000000         0x00010000
*default*        0x00000000         0xffffffff

Linker script and memory map

LOAD build/obj/crt0.o
LOAD build/obj/vectors.o
LOAD build/obj/chcore.o
LOAD build/obj/chcore_v7m.o
LOAD build/obj/nvic.o
LOAD build/obj/chsys.o
LOAD build/obj/chdebug.o
LOAD build/obj/chlists.o
LOAD build/obj/chvt.o
LOAD build/obj/chschd.o
LOAD build/obj/chthreads.o
LOAD build/obj/chdynamic.o
LOAD build/obj/chregistry.o
LOAD build/obj/chsem.o
LOAD build/obj/chmtx.o
LOAD build/obj/chcond.o
LOAD build/obj/chevents.o
LOAD build/obj/chmsg.o
LOAD build/obj/chmboxes.o
LOAD build/obj/chqueues.o
LOAD build/obj/chmemcore.o
LOAD build/obj/chheap.o
LOAD build/obj/chmempools.o
LOAD build/obj/test.o
LOAD build/obj/testthd.o
LOAD build/obj/testsem.o
LOAD build/obj/testmtx.o
LOAD build/obj/testmsg.o
LOAD build/obj/testmbox.o
LOAD build/obj/testevt.o
LOAD build/obj/testheap.o
LOAD build/obj/testpools.o
LOAD build/obj/testdyn.o
LOAD build/obj/testqueues.o
LOAD build/obj/testbmk.o
LOAD build/obj/hal.o
LOAD build/obj/adc.o
LOAD build/obj/can.o
LOAD build/obj/ext.o
LOAD build/obj/gpt.o
LOAD build/obj/i2c.o
LOAD build/obj/icu.o
LOAD build/obj/mac.o
LOAD build/obj/mmc_spi.o
LOAD build/obj/mmcsd.o
LOAD build/obj/pal.o
LOAD build/obj/pwm.o
LOAD build/obj/rtc.o
LOAD build/obj/sdc.o
LOAD build/obj/serial.o
LOAD build/obj/serial_usb.o
LOAD build/obj/spi.o
LOAD build/obj/tm.o
LOAD build/obj/uart.o
LOAD build/obj/usb.o
LOAD build/obj/stm32_dma.o
LOAD build/obj/hal_lld.o
LOAD build/obj/adc_lld.o
LOAD build/obj/ext_lld_isr.o
LOAD build/obj/can_lld.o
LOAD build/obj/ext_lld.o
LOAD build/obj/gpt_lld.o
LOAD build/obj/icu_lld.o
LOAD build/obj/mac_lld.o
LOAD build/obj/pwm_lld.o
LOAD build/obj/sdc_lld.o
LOAD build/obj/pal_lld.o
LOAD build/obj/i2c_lld.o
LOAD build/obj/usb_lld.o
LOAD build/obj/rtc_lld.o
LOAD build/obj/spi_lld.o
LOAD build/obj/serial_lld.o
LOAD build/obj/uart_lld.o
LOAD build/obj/board.o
LOAD build/obj/chprintf.o
LOAD build/obj/main.o
START GROUP
LOAD c:/program files (x86)/codesourcery/sourcery_codebench_lite_for_arm_eabi/bin/../lib/gcc/arm-none-eabi/4.7.2/thumb2\libgcc.a
LOAD c:/program files (x86)/codesourcery/sourcery_codebench_lite_for_arm_eabi/bin/../lib/gcc/arm-none-eabi/4.7.2/../../../../arm-none-eabi/lib/thumb2\libc.a
END GROUP
                0x00000400                __main_stack_size__ = 0x400
                0x00000400                __process_stack_size__ = 0x400
                0x20000000                __ram_start__ = ORIGIN (ram)
                0x0001c000                __ram_size__ = 0x1c000
                0x2001c000                __ram_end__ = (__ram_start__ + __ram_size__)
                0x00000000                . = 0x0
                0x00000000                _text = .

startup         0x08000000      0x188
 *(vectors)
 vectors        0x08000000      0x188 build/obj/vectors.o
                0x08000000                _vectors

constructors    0x08000188        0x0
                0x08000188                PROVIDE (__init_array_start, .)
 *(SORT(.init_array.*))
 *(.init_array)
                0x08000188                PROVIDE (__init_array_end, .)

destructors     0x08000188        0x0
                0x08000188                PROVIDE (__fini_array_start, .)
 *(.fini_array)
 *(SORT(.fini_array.*))
                0x08000188                PROVIDE (__fini_array_end, .)

.text           0x08000190     0x38a0
 *(.text.startup.*)
 .text.startup.main
                0x08000190      0x6f0 build/obj/main.o
                0x08000190                main
 *(.text)
 .text          0x08000880      0x370 c:/program files (x86)/codesourcery/sourcery_codebench_lite_for_arm_eabi/bin/../lib/gcc/arm-none-eabi/4.7.2/thumb2\libgcc.a(_arm_addsubdf3.o)
                0x08000880                __aeabi_drsub
                0x08000888                __aeabi_dsub
                0x08000888                __subdf3
                0x0800088c                __aeabi_dadd
                0x0800088c                __adddf3
                0x08000b04                __floatunsidf
                0x08000b04                __aeabi_ui2d
                0x08000b24                __floatsidf
                0x08000b24                __aeabi_i2d
                0x08000b48                __aeabi_f2d
                0x08000b48                __extendsfdf2
                0x08000b84                __floatundidf
                0x08000b84                __aeabi_ul2d
                0x08000b94                __floatdidf
                0x08000b94                __aeabi_l2d
 .text          0x08000bf0      0x424 c:/program files (x86)/codesourcery/sourcery_codebench_lite_for_arm_eabi/bin/../lib/gcc/arm-none-eabi/4.7.2/thumb2\libgcc.a(_arm_muldivdf3.o)
                0x08000bf0                __aeabi_dmul
                0x08000bf0                __muldf3
                0x08000e44                __divdf3
                0x08000e44                __aeabi_ddiv
 *fill*         0x08001014        0xc 
 .text          0x08001020       0x50 c:/program files (x86)/codesourcery/sourcery_codebench_lite_for_arm_eabi/bin/../lib/gcc/arm-none-eabi/4.7.2/thumb2\libgcc.a(_arm_fixdfsi.o)
                0x08001020                __aeabi_d2iz
                0x08001020                __fixdfsi
 .text          0x08001070       0x40 c:/program files (x86)/codesourcery/sourcery_codebench_lite_for_arm_eabi/bin/../lib/gcc/arm-none-eabi/4.7.2/thumb2\libgcc.a(_arm_fixunsdfsi.o)
                0x08001070                __aeabi_d2uiz
                0x08001070                __fixunsdfsi
 .text          0x080010b0       0xa0 c:/program files (x86)/codesourcery/sourcery_codebench_lite_for_arm_eabi/bin/../lib/gcc/arm-none-eabi/4.7.2/thumb2\libgcc.a(_arm_truncdfsf2.o)
                0x080010b0                __truncdfsf2
                0x080010b0                __aeabi_d2f
 .text          0x08001150       0xec c:/program files (x86)/codesourcery/sourcery_codebench_lite_for_arm_eabi/bin/../lib/gcc/arm-none-eabi/4.7.2/thumb2\libgcc.a(_arm_cmpsf2.o)
                0x08001150                __gesf2
                0x08001150                __gtsf2
                0x08001158                __lesf2
                0x08001158                __ltsf2
                0x08001160                __nesf2
                0x08001160                __eqsf2
                0x08001160                __cmpsf2
                0x080011c0                __aeabi_cfrcmple
                0x080011c8                __aeabi_cfcmpeq
                0x080011c8                __aeabi_cfcmple
                0x080011d8                __aeabi_fcmpeq
                0x080011ec                __aeabi_fcmplt
                0x08001200                __aeabi_fcmple
                0x08001214                __aeabi_fcmpge
                0x08001228                __aeabi_fcmpgt
 *fill*         0x0800123c        0x4 
 .text          0x08001240       0x4c c:/program files (x86)/codesourcery/sourcery_codebench_lite_for_arm_eabi/bin/../lib/gcc/arm-none-eabi/4.7.2/thumb2\libgcc.a(_arm_fixsfsi.o)
                0x08001240                __aeabi_f2iz
                0x08001240                __fixsfsi
 *(.text.*)
 *fill*         0x0800128c        0x4 
 .text.__late_init
                0x08001290       0x10 build/obj/crt0.o
                0x08001290                __late_init
 .text._default_exit
                0x080012a0       0x10 build/obj/crt0.o
                0x080012a0                _default_exit
 .text.ResetHandler
                0x080012b0      0x120 build/obj/crt0.o
                0x080012b0                ResetHandler
 .text._unhandled_exception
                0x080013d0       0x10 build/obj/vectors.o
                0x080013d0                Vector58
                0x080013d0                VectorE8
                0x080013d0                Vector9C
                0x080013d0                VectorAC
                0x080013d0                Vector5C
                0x080013d0                NMIVector
                0x080013d0                Vector11C
                0x080013d0                Vector8C
                0x080013d0                VectorDC
                0x080013d0                Vector168
                0x080013d0                Vector110
                0x080013d0                VectorC8
                0x080013d0                Vector94
                0x080013d0                VectorA8
                0x080013d0                Vector160
                0x080013d0                VectorEC
                0x080013d0                UsageFaultVector
                0x080013d0                DebugMonitorVector
                0x080013d0                Vector40
                0x080013d0                VectorF8
                0x080013d0                Vector108
                0x080013d0                VectorBC
                0x080013d0                Vector148
                0x080013d0                PendSVVector
                0x080013d0                Vector118
                0x080013d0                Vector64
                0x080013d0                VectorCC
                0x080013d0                Vector54
                0x080013d0                Vector98
                0x080013d0                Vector138
                0x080013d0                Vector24
                0x080013d0                Vector178
                0x080013d0                BusFaultVector
                0x080013d0                VectorD0
                0x080013d0                Vector140
                0x080013d0                VectorE4
                0x080013d0                VectorC0
                0x080013d0                HardFaultVector
                0x080013d0                Vector134
                0x080013d0                VectorF0
                0x080013d0                Vector13C
                0x080013d0                Vector100
                0x080013d0                VectorE0
                0x080013d0                VectorF4
                0x080013d0                MemManageVector
                0x080013d0                VectorA0
                0x080013d0                VectorC4
                0x080013d0                Vector180
                0x080013d0                Vector90
                0x080013d0                Vector164
                0x080013d0                Vector60
                0x080013d0                Vector1C
                0x080013d0                Vector17C
                0x080013d0                Vector48
                0x080013d0                Vector16C
                0x080013d0                VectorD4
                0x080013d0                Vector4C
                0x080013d0                Vector144
                0x080013d0                Vector15C
                0x080013d0                Vector68
                0x080013d0                _unhandled_exception
                0x080013d0                Vector170
                0x080013d0                Vector104
                0x080013d0                Vector184
                0x080013d0                Vector10C
                0x080013d0                Vector14C
                0x080013d0                Vector50
                0x080013d0                Vector44
                0x080013d0                Vector28
                0x080013d0                Vector34
                0x080013d0                VectorA4
                0x080013d0                Vector20
                0x080013d0                Vector174
 .text.port_halt
                0x080013e0       0x10 build/obj/chcore.o
                0x080013e0                port_halt
 .text._port_switch_from_isr
                0x080013f0       0x10 build/obj/chcore_v7m.o
                0x080013f0                _port_switch_from_isr
 .text.SVCallVector
                0x08001400       0x20 build/obj/chcore_v7m.o
                0x08001400                SVCallVector
 .text._port_init
                0x08001420       0x40 build/obj/chcore_v7m.o
                0x08001420                _port_init
 .text._port_irq_epilogue
                0x08001460       0x70 build/obj/chcore_v7m.o
                0x08001460                _port_irq_epilogue
 .text.SysTickVector
                0x080014d0       0x20 build/obj/chcore_v7m.o
                0x080014d0                SysTickVector
 .text._port_switch
                0x080014f0       0x10 build/obj/chcore_v7m.o
                0x080014f0                _port_switch
 .text._port_thread_start
                0x08001500       0x10 build/obj/chcore_v7m.o
                0x08001500                _port_thread_start
 .text.nvicEnableVector
                0x08001510       0x50 build/obj/nvic.o
                0x08001510                nvicEnableVector
 .text.nvicSetSystemHandlerPriority
                0x08001560       0x30 build/obj/nvic.o
                0x08001560                nvicSetSystemHandlerPriority
 .text._idle_thread
                0x08001590       0x20 build/obj/chsys.o
                0x08001590                _idle_thread
 .text.chSysInit
                0x080015b0       0x60 build/obj/chsys.o
                0x080015b0                chSysInit
 .text.chSysTimerHandlerI
                0x08001610       0x60 build/obj/chsys.o
                0x08001610                chSysTimerHandlerI
 .text._vt_init
                0x08001670       0x20 build/obj/chvt.o
                0x08001670                _vt_init
 .text.chVTSetI
                0x08001690       0x40 build/obj/chvt.o
                0x08001690                chVTSetI
 .text.chVTResetI
                0x080016d0       0x30 build/obj/chvt.o
                0x080016d0                chVTResetI
 .text.wakeup   0x08001700       0x60 build/obj/chschd.o
 .text._scheduler_init
                0x08001760       0x20 build/obj/chschd.o
                0x08001760                _scheduler_init
 .text.chSchReadyI
                0x08001780       0x20 build/obj/chschd.o
                0x08001780                chSchReadyI
 .text.chSchGoSleepS
                0x080017a0       0x30 build/obj/chschd.o
                0x080017a0                chSchGoSleepS
 .text.chSchGoSleepTimeoutS
                0x080017d0       0x40 build/obj/chschd.o
                0x080017d0                chSchGoSleepTimeoutS
 .text.chSchWakeupS
                0x08001810       0x60 build/obj/chschd.o
                0x08001810                chSchWakeupS
 .text.chSchDoRescheduleBehind
                0x08001870       0x40 build/obj/chschd.o
                0x08001870                chSchDoRescheduleBehind
 .text.chSchDoRescheduleAhead
                0x080018b0       0x40 build/obj/chschd.o
                0x080018b0                chSchDoRescheduleAhead
 .text.chSchDoReschedule
                0x080018f0       0x20 build/obj/chschd.o
                0x080018f0                chSchDoReschedule
 .text._thread_init
                0x08001910       0x50 build/obj/chthreads.o
                0x08001910                _thread_init
 .text.chThdCreateI
                0x08001960       0x70 build/obj/chthreads.o
                0x08001960                chThdCreateI
 .text.chThdCreateStatic
                0x080019d0       0x30 build/obj/chthreads.o
                0x080019d0                chThdCreateStatic
 .text.chThdExitS
                0x08001a00       0x40 build/obj/chthreads.o
                0x08001a00                chThdExitS
 .text.chThdExit
                0x08001a40       0x10 build/obj/chthreads.o
                0x08001a40                chThdExit
 .text.chMtxInit
                0x08001a50       0x10 build/obj/chmtx.o
                0x08001a50                chMtxInit
 .text.chEvtSignalI
                0x08001a60       0x30 build/obj/chevents.o
                0x08001a60                chEvtSignalI
 .text.chEvtBroadcastFlagsI
                0x08001a90       0x20 build/obj/chevents.o
                0x08001a90                chEvtBroadcastFlagsI
 .text.qwait    0x08001ab0       0x30 build/obj/chqueues.o
 .text.chIQInit
                0x08001ae0       0x20 build/obj/chqueues.o
                0x08001ae0                chIQInit
 .text.chIQPutI
                0x08001b00       0x50 build/obj/chqueues.o
                0x08001b00                chIQPutI
 .text.chIQGetTimeout
                0x08001b50       0x50 build/obj/chqueues.o
                0x08001b50                chIQGetTimeout
 .text.chIQReadTimeout
                0x08001ba0       0x80 build/obj/chqueues.o
                0x08001ba0                chIQReadTimeout
 .text.chOQInit
                0x08001c20       0x20 build/obj/chqueues.o
                0x08001c20                chOQInit
 .text.chOQPutTimeout
                0x08001c40       0x50 build/obj/chqueues.o
                0x08001c40                chOQPutTimeout
 .text.chOQGetI
                0x08001c90       0x50 build/obj/chqueues.o
                0x08001c90                chOQGetI
 .text.chOQWriteTimeout
                0x08001ce0       0x80 build/obj/chqueues.o
                0x08001ce0                chOQWriteTimeout
 .text._core_init
                0x08001d60       0x30 build/obj/chmemcore.o
                0x08001d60                _core_init
 .text.chCoreAlloc
                0x08001d90       0x40 build/obj/chmemcore.o
                0x08001d90                chCoreAlloc
 .text._heap_init
                0x08001dd0       0x20 build/obj/chheap.o
                0x08001dd0                _heap_init
 .text.halInit  0x08001df0       0x30 build/obj/hal.o
                0x08001df0                halInit
 .text.adcInit  0x08001e20       0x10 build/obj/adc.o
                0x08001e20                adcInit
 .text.adcObjectInit
                0x08001e30       0x20 build/obj/adc.o
                0x08001e30                adcObjectInit
 .text.gptInit  0x08001e50       0x10 build/obj/gpt.o
                0x08001e50                gptInit
 .text.gptObjectInit
                0x08001e60       0x10 build/obj/gpt.o
                0x08001e60                gptObjectInit
 .text.gptStart
                0x08001e70       0x20 build/obj/gpt.o
                0x08001e70                gptStart
 .text.gptStartOneShotI
                0x08001e90       0x10 build/obj/gpt.o
                0x08001e90                gptStartOneShotI
 .text.gptStartOneShot
                0x08001ea0       0x20 build/obj/gpt.o
                0x08001ea0                gptStartOneShot
 .text.gptStopTimerI
                0x08001ec0       0x10 build/obj/gpt.o
                0x08001ec0                gptStopTimerI
 .text.gptStopTimer
                0x08001ed0       0x20 build/obj/gpt.o
                0x08001ed0                gptStopTimer
 .text.pwmInit  0x08001ef0       0x10 build/obj/pwm.o
                0x08001ef0                pwmInit
 .text.pwmObjectInit
                0x08001f00       0x10 build/obj/pwm.o
                0x08001f00                pwmObjectInit
 .text.pwmStart
                0x08001f10       0x20 build/obj/pwm.o
                0x08001f10                pwmStart
 .text.pwmEnableChannel
                0x08001f30       0x20 build/obj/pwm.o
                0x08001f30                pwmEnableChannel
 .text.pwmDisableChannel
                0x08001f50       0x20 build/obj/pwm.o
                0x08001f50                pwmDisableChannel
 .text.readt    0x08001f70       0x10 build/obj/serial.o
 .text.read     0x08001f80       0x10 build/obj/serial.o
 .text.writet   0x08001f90       0x10 build/obj/serial.o
 .text.write    0x08001fa0       0x10 build/obj/serial.o
 .text.gett     0x08001fb0       0x10 build/obj/serial.o
 .text.get      0x08001fc0       0x10 build/obj/serial.o
 .text.putt     0x08001fd0       0x10 build/obj/serial.o
 .text.put      0x08001fe0       0x10 build/obj/serial.o
 .text.sdInit   0x08001ff0       0x10 build/obj/serial.o
                0x08001ff0                sdInit
 .text.sdObjectInit
                0x08002000       0x40 build/obj/serial.o
                0x08002000                sdObjectInit
 .text.sdStart  0x08002040       0x20 build/obj/serial.o
                0x08002040                sdStart
 .text.sdIncomingDataI
                0x08002060       0x40 build/obj/serial.o
                0x08002060                sdIncomingDataI
 .text.uartInit
                0x080020a0       0x10 build/obj/uart.o
                0x080020a0                uartInit
 .text.uartObjectInit
                0x080020b0       0x10 build/obj/uart.o
                0x080020b0                uartObjectInit
 .text.uartStart
                0x080020c0       0x20 build/obj/uart.o
                0x080020c0                uartStart
 .text.Vector6C
                0x080020e0       0x30 build/obj/stm32_dma.o
                0x080020e0                Vector6C
 .text.Vector70
                0x08002110       0x30 build/obj/stm32_dma.o
                0x08002110                Vector70
 .text.Vector74
                0x08002140       0x30 build/obj/stm32_dma.o
                0x08002140                Vector74
 .text.Vector78
                0x08002170       0x30 build/obj/stm32_dma.o
                0x08002170                Vector78
 .text.Vector7C
                0x080021a0       0x30 build/obj/stm32_dma.o
                0x080021a0                Vector7C
 .text.Vector80
                0x080021d0       0x30 build/obj/stm32_dma.o
                0x080021d0                Vector80
 .text.Vector84
                0x08002200       0x30 build/obj/stm32_dma.o
                0x08002200                Vector84
 .text.VectorFC
                0x08002230       0x30 build/obj/stm32_dma.o
                0x08002230                VectorFC
 .text.Vector120
                0x08002260       0x30 build/obj/stm32_dma.o
                0x08002260                Vector120
 .text.Vector124
                0x08002290       0x30 build/obj/stm32_dma.o
                0x08002290                Vector124
 .text.Vector128
                0x080022c0       0x30 build/obj/stm32_dma.o
                0x080022c0                Vector128
 .text.Vector12C
                0x080022f0       0x30 build/obj/stm32_dma.o
                0x080022f0                Vector12C
 .text.Vector130
                0x08002320       0x30 build/obj/stm32_dma.o
                0x08002320                Vector130
 .text.Vector150
                0x08002350       0x30 build/obj/stm32_dma.o
                0x08002350                Vector150
 .text.Vector154
                0x08002380       0x30 build/obj/stm32_dma.o
                0x08002380                Vector154
 .text.Vector158
                0x080023b0       0x30 build/obj/stm32_dma.o
                0x080023b0                Vector158
 .text.dmaInit  0x080023e0       0x50 build/obj/stm32_dma.o
                0x080023e0                dmaInit
 .text.dmaStreamAllocate
                0x08002430       0xa0 build/obj/stm32_dma.o
                0x08002430                dmaStreamAllocate
 .text.hal_lld_init
                0x080024d0       0xb0 build/obj/hal_lld.o
                0x080024d0                hal_lld_init
 .text.stm32_clock_init
                0x08002580       0xb0 build/obj/hal_lld.o
                0x08002580                stm32_clock_init
 .text.adc_lld_init
                0x08002630       0x80 build/obj/adc_lld.o
                0x08002630                adc_lld_init
 .text.adc_lld_stop_conversion
                0x080026b0       0x30 build/obj/adc_lld.o
                0x080026b0                adc_lld_stop_conversion
 .text.Vector88
                0x080026e0      0x150 build/obj/adc_lld.o
                0x080026e0                Vector88
 .text.VectorB0
                0x08002830       0x30 build/obj/gpt_lld.o
                0x08002830                VectorB0
 .text.gpt_lld_init
                0x08002860       0x20 build/obj/gpt_lld.o
                0x08002860                gpt_lld_init
 .text.gpt_lld_start
                0x08002880       0x60 build/obj/gpt_lld.o
                0x08002880                gpt_lld_start
 .text.gpt_lld_start_timer
                0x080028e0       0x20 build/obj/gpt_lld.o
                0x080028e0                gpt_lld_start_timer
 .text.gpt_lld_stop_timer
                0x08002900       0x10 build/obj/gpt_lld.o
                0x08002900                gpt_lld_stop_timer
 .text.pwm_lld_serve_interrupt
                0x08002910       0x70 build/obj/pwm_lld.o
 .text.VectorB4
                0x08002980       0x20 build/obj/pwm_lld.o
                0x08002980                VectorB4
 .text.VectorB8
                0x080029a0       0x20 build/obj/pwm_lld.o
                0x080029a0                VectorB8
 .text.pwm_lld_init
                0x080029c0       0x30 build/obj/pwm_lld.o
                0x080029c0                pwm_lld_init
 .text.pwm_lld_start
                0x080029f0      0x130 build/obj/pwm_lld.o
                0x080029f0                pwm_lld_start
 .text.pwm_lld_enable_channel
                0x08002b20       0x40 build/obj/pwm_lld.o
                0x08002b20                pwm_lld_enable_channel
 .text.pwm_lld_disable_channel
                0x08002b60       0x20 build/obj/pwm_lld.o
                0x08002b60                pwm_lld_disable_channel
 .text._pal_lld_init
                0x08002b80      0x1e0 build/obj/pal_lld.o
                0x08002b80                _pal_lld_init
 .text._pal_lld_setgroupmode
                0x08002d60       0xd0 build/obj/pal_lld.o
                0x08002d60                _pal_lld_setgroupmode
 .text.notify5  0x08002e30       0x20 build/obj/serial_lld.o
 .text.Vector114
                0x08002e50      0x130 build/obj/serial_lld.o
                0x08002e50                Vector114
 .text.sd_lld_init
                0x08002f80       0x20 build/obj/serial_lld.o
                0x08002f80                sd_lld_init
 .text.sd_lld_start
                0x08002fa0       0x90 build/obj/serial_lld.o
                0x08002fa0                sd_lld_start
 .text.set_rx_idle_loop
                0x08003030       0x30 build/obj/uart_lld.o
 .text.usart_stop
                0x08003060       0x50 build/obj/uart_lld.o
 .text.uart_lld_serve_tx_end_irq
                0x080030b0       0x50 build/obj/uart_lld.o
 .text.uart_lld_serve_rx_end_irq
                0x08003100       0x70 build/obj/uart_lld.o
 .text.VectorD8
                0x08003170       0x90 build/obj/uart_lld.o
                0x08003170                VectorD8
 .text.uart_lld_init
                0x08003200       0x30 build/obj/uart_lld.o
                0x08003200                uart_lld_init
 .text.uart_lld_start
                0x08003230      0x100 build/obj/uart_lld.o
                0x08003230                uart_lld_start
 .text.__early_init
                0x08003330       0x10 build/obj/board.o
                0x08003330                __early_init
 .text.boardInit
                0x08003340       0x10 build/obj/board.o
                0x08003340                boardInit
 .text.long_to_string_with_divisor
                0x08003350       0x50 build/obj/chprintf.o
 .text.chprintf
                0x080033a0      0x370 build/obj/chprintf.o
                0x080033a0                chprintf
 .text.uartfun  0x08003710       0x20 build/obj/main.o
                0x08003710                uartfun
 .text.gpt2cb   0x08003730       0x50 build/obj/main.o
 *(.rodata)
 *(.rodata.*)
 .rodata.str1.4
                0x08003780        0x5 build/obj/chsys.o
                                  0x8 (size before relaxing)
 *fill*         0x08003785        0xb 
 .rodata.ch_debug
                0x08003790       0x18 build/obj/chregistry.o
                0x08003790                ch_debug
 *fill*         0x080037a8        0x8 
 .rodata.vmt    0x080037b0       0x20 build/obj/serial.o
 .rodata._stm32_dma_streams
                0x080037d0       0xc0 build/obj/stm32_dma.o
                0x080037d0                _stm32_dma_streams
 .rodata.default_config
                0x08003890        0xc build/obj/serial_lld.o
 *fill*         0x0800389c        0x4 
 .rodata.pal_default_config
                0x080038a0       0xfc build/obj/board.o
                0x080038a0                pal_default_config
 *fill*         0x0800399c        0x4 
 .rodata.str1.4
                0x080039a0        0x7 build/obj/chprintf.o
                                  0x8 (size before relaxing)
 *fill*         0x080039a7        0x9 
 .rodata.gpt2cfg
                0x080039b0        0x8 build/obj/main.o
 *fill*         0x080039b8        0x8 
 .rodata.str1.4
                0x080039c0       0x34 build/obj/main.o
 *fill*         0x080039f4        0xc 
 .rodata.Serialcfg
                0x08003a00        0xc build/obj/main.o
 *fill*         0x08003a0c        0x4 
 .rodata.UARTpcfg
                0x08003a10       0x20 build/obj/main.o
 *(.glue_7t)
 .glue_7t       0x00000000        0x0 linker stubs
 *(.glue_7)
 .glue_7        0x00000000        0x0 linker stubs
 *(.gcc*)

.vfp11_veneer   0x08003a30        0x0
 .vfp11_veneer  0x00000000        0x0 linker stubs

.v4_bx          0x08003a30        0x0
 .v4_bx         0x00000000        0x0 linker stubs

.iplt           0x08003a30        0x0
 .iplt          0x00000000        0x0 build/obj/crt0.o

.rel.dyn        0x08003a30        0x0
 .rel.iplt      0x00000000        0x0 build/obj/crt0.o

.ARM.extab
 *(.ARM.extab* .gnu.linkonce.armextab.*)

.ARM.exidx      0x08003a30        0x0
                0x08003a30                PROVIDE (__exidx_start, .)
 *(.ARM.exidx* .gnu.linkonce.armexidx.*)
                0x08003a30                PROVIDE (__exidx_end, .)

.eh_frame_hdr
 *(.eh_frame_hdr)

.eh_frame
 *(.eh_frame)

.textalign      0x08003a30        0x0
                0x08003a30                . = ALIGN (0x8)
                0x08003a30                _etext = .
                0x08003a30                _textdata = _etext

.stacks         0x20000000      0x800
                0x20000000                . = ALIGN (0x8)
                0x20000000                __main_stack_base__ = .
                0x20000400                . = (. + __main_stack_size__)
 *fill*         0x20000000      0x400 
                0x20000400                . = ALIGN (0x8)
                0x20000400                __main_stack_end__ = .
                0x20000400                __process_stack_base__ = .
                0x20000400                __main_thread_stack_base__ = .
                0x20000800                . = (. + __process_stack_size__)
 *fill*         0x20000400      0x400 
                0x20000800                . = ALIGN (0x8)
                0x20000800                __process_stack_end__ = .
                0x20000800                __main_thread_stack_end__ = .

.data           0x20000800       0x60 load address 0x08003a30
                0x20000800                . = ALIGN (0x4)
                0x20000800                PROVIDE (_data, .)
 *(.data)
                0x20000800                . = ALIGN (0x4)
 *(.data.*)
 .data.pwmcfga  0x20000800       0x30 build/obj/main.o
 .data.pwmcfgb  0x20000830       0x30 build/obj/main.o
                0x20000860                . = ALIGN (0x4)
 *(.ramtext)
                0x20000860                . = ALIGN (0x4)
                0x20000860                PROVIDE (_edata, .)

.igot.plt       0x20000860        0x0 load address 0x08003a90
 .igot.plt      0x00000000        0x0 build/obj/crt0.o

.bss            0x20000860      0x35c load address 0x08003a90
                0x20000860                . = ALIGN (0x4)
                0x20000860                PROVIDE (_bss_start, .)
 *(.bss)
                0x20000860                . = ALIGN (0x4)
 *(.bss.*)
 .bss.mainthread.4778
                0x20000860       0x48 build/obj/chsys.o
 .bss._idle_thread_wa
                0x200008a8       0xc0 build/obj/chsys.o
                0x200008a8                _idle_thread_wa
 .bss.vtlist    0x20000968       0x10 build/obj/chvt.o
                0x20000968                vtlist
 .bss.rlist     0x20000978       0x1c build/obj/chschd.o
                0x20000978                rlist
 .bss.endmem    0x20000994        0x4 build/obj/chmemcore.o
 .bss.nextmem   0x20000998        0x4 build/obj/chmemcore.o
 *fill*         0x2000099c        0x4 
 .bss.default_heap
                0x200009a0       0x20 build/obj/chheap.o
 .bss.dma_isr_redir
                0x200009c0       0x80 build/obj/stm32_dma.o
 .bss.dma_streams_mask
                0x20000a40        0x4 build/obj/stm32_dma.o
 .bss.ADCD1     0x20000a44       0x34 build/obj/adc_lld.o
                0x20000a44                ADCD1
 .bss.ADCD2     0x20000a78       0x34 build/obj/adc_lld.o
                0x20000a78                ADCD2
 .bss.ADCD3     0x20000aac       0x34 build/obj/adc_lld.o
                0x20000aac                ADCD3
 .bss.GPTD2     0x20000ae0       0x10 build/obj/gpt_lld.o
                0x20000ae0                GPTD2
 .bss.PWMD3     0x20000af0       0x14 build/obj/pwm_lld.o
                0x20000af0                PWMD3
 .bss.PWMD4     0x20000b04       0x14 build/obj/pwm_lld.o
                0x20000b04                PWMD4
 .bss.SD5       0x20000b18       0x78 build/obj/serial_lld.o
                0x20000b18                SD5
 .bss.UARTD2    0x20000b90       0x1c build/obj/uart_lld.o
                0x20000b90                UARTD2
 .bss.flag      0x20000bac        0x1 build/obj/main.o
 *fill*         0x20000bad        0x3 
 .bss.uartin    0x20000bb0        0xc build/obj/main.o
                0x20000bbc                . = ALIGN (0x4)
 *(COMMON)
                0x20000bbc                . = ALIGN (0x4)
                0x20000bbc                PROVIDE (_bss_end, .)
                0x20000bbc                PROVIDE (end, .)
                0x20000bbc                _end = .
                0x20000bbc                __heap_base__ = _end
                0x2001c000                __heap_end__ = __ram_end__
OUTPUT(build/ch.elf elf32-littlearm)

.debug_info     0x00000000    0x129fd
 .debug_info    0x00000000      0x2b1 build/obj/crt0.o
 .debug_info    0x000002b1      0x1e9 build/obj/vectors.o
 .debug_info    0x0000049a       0x93 build/obj/chcore.o
 .debug_info    0x0000052d      0x895 build/obj/chcore_v7m.o
 .debug_info    0x00000dc2      0x44e build/obj/nvic.o
 .debug_info    0x00001210      0x8a1 build/obj/chsys.o
 .debug_info    0x00001ab1      0x273 build/obj/chvt.o
 .debug_info    0x00001d24      0x9e0 build/obj/chschd.o
 .debug_info    0x00002704      0xc43 build/obj/chthreads.o
 .debug_info    0x00003347      0x681 build/obj/chregistry.o
 .debug_info    0x000039c8      0xa40 build/obj/chmtx.o
 .debug_info    0x00004408      0xe34 build/obj/chevents.o
 .debug_info    0x0000523c      0xc76 build/obj/chqueues.o
 .debug_info    0x00005eb2      0x228 build/obj/chmemcore.o
 .debug_info    0x000060da      0x732 build/obj/chheap.o
 .debug_info    0x0000680c      0x416 build/obj/hal.o
 .debug_info    0x00006c22      0xeff build/obj/adc.o
 .debug_info    0x00007b21      0x7f8 build/obj/gpt.o
 .debug_info    0x00008319      0x76a build/obj/pwm.o
 .debug_info    0x00008a83     0x10af build/obj/serial.o
 .debug_info    0x00009b32      0xa46 build/obj/uart.o
 .debug_info    0x0000a578      0xb1f build/obj/stm32_dma.o
 .debug_info    0x0000b097      0x4d9 build/obj/hal_lld.o
 .debug_info    0x0000b570     0x13b8 build/obj/adc_lld.o
 .debug_info    0x0000c928      0xa2b build/obj/gpt_lld.o
 .debug_info    0x0000d353      0xb5b build/obj/pwm_lld.o
 .debug_info    0x0000deae      0x745 build/obj/pal_lld.o
 .debug_info    0x0000e5f3     0x12aa build/obj/serial_lld.o
 .debug_info    0x0000f89d      0xef2 build/obj/uart_lld.o
 .debug_info    0x0001078f      0x20e build/obj/board.o
 .debug_info    0x0001099d      0x556 build/obj/chprintf.o
 .debug_info    0x00010ef3     0x1b0a build/obj/main.o

.debug_abbrev   0x00000000     0x4509
 .debug_abbrev  0x00000000       0xda build/obj/crt0.o
 .debug_abbrev  0x000000da       0xb1 build/obj/vectors.o
 .debug_abbrev  0x0000018b       0x44 build/obj/chcore.o
 .debug_abbrev  0x000001cf      0x1d5 build/obj/chcore_v7m.o
 .debug_abbrev  0x000003a4       0xf2 build/obj/nvic.o
 .debug_abbrev  0x00000496      0x220 build/obj/chsys.o
 .debug_abbrev  0x000006b6      0x15e build/obj/chvt.o
 .debug_abbrev  0x00000814      0x340 build/obj/chschd.o
 .debug_abbrev  0x00000b54      0x368 build/obj/chthreads.o
 .debug_abbrev  0x00000ebc      0x199 build/obj/chregistry.o
 .debug_abbrev  0x00001055      0x332 build/obj/chmtx.o
 .debug_abbrev  0x00001387      0x33d build/obj/chevents.o
 .debug_abbrev  0x000016c4      0x34c build/obj/chqueues.o
 .debug_abbrev  0x00001a10      0x16c build/obj/chmemcore.o
 .debug_abbrev  0x00001b7c      0x210 build/obj/chheap.o
 .debug_abbrev  0x00001d8c      0x1d0 build/obj/hal.o
 .debug_abbrev  0x00001f5c      0x311 build/obj/adc.o
 .debug_abbrev  0x0000226d      0x1ce build/obj/gpt.o
 .debug_abbrev  0x0000243b      0x1e3 build/obj/pwm.o
 .debug_abbrev  0x0000261e      0x2d5 build/obj/serial.o
 .debug_abbrev  0x000028f3      0x29c build/obj/uart.o
 .debug_abbrev  0x00002b8f      0x221 build/obj/stm32_dma.o
 .debug_abbrev  0x00002db0      0x12d build/obj/hal_lld.o
 .debug_abbrev  0x00002edd      0x2fe build/obj/adc_lld.o
 .debug_abbrev  0x000031db      0x2b7 build/obj/gpt_lld.o
 .debug_abbrev  0x00003492      0x273 build/obj/pwm_lld.o
 .debug_abbrev  0x00003705      0x1ac build/obj/pal_lld.o
 .debug_abbrev  0x000038b1      0x341 build/obj/serial_lld.o
 .debug_abbrev  0x00003bf2      0x3a7 build/obj/uart_lld.o
 .debug_abbrev  0x00003f99       0xe5 build/obj/board.o
 .debug_abbrev  0x0000407e      0x213 build/obj/chprintf.o
 .debug_abbrev  0x00004291      0x278 build/obj/main.o

.debug_aranges  0x00000000      0x9f8
 .debug_aranges
                0x00000000       0x38 build/obj/crt0.o
 .debug_aranges
                0x00000038       0x20 build/obj/vectors.o
 .debug_aranges
                0x00000058       0x20 build/obj/chcore.o
 .debug_aranges
                0x00000078       0x50 build/obj/chcore_v7m.o
 .debug_aranges
                0x000000c8       0x30 build/obj/nvic.o
 .debug_aranges
                0x000000f8       0x30 build/obj/chsys.o
 .debug_aranges
                0x00000128       0x38 build/obj/chvt.o
 .debug_aranges
                0x00000160       0x68 build/obj/chschd.o
 .debug_aranges
                0x000001c8       0x78 build/obj/chthreads.o
 .debug_aranges
                0x00000240       0x28 build/obj/chregistry.o
 .debug_aranges
                0x00000268       0x58 build/obj/chmtx.o
 .debug_aranges
                0x000002c0       0xa0 build/obj/chevents.o
 .debug_aranges
                0x00000360       0x70 build/obj/chqueues.o
 .debug_aranges
                0x000003d0       0x38 build/obj/chmemcore.o
 .debug_aranges
                0x00000408       0x40 build/obj/chheap.o
 .debug_aranges
                0x00000448       0x30 build/obj/hal.o
 .debug_aranges
                0x00000478       0x70 build/obj/adc.o
 .debug_aranges
                0x000004e8       0x70 build/obj/gpt.o
 .debug_aranges
                0x00000558       0x50 build/obj/pwm.o
 .debug_aranges
                0x000005a8       0x88 build/obj/serial.o
 .debug_aranges
                0x00000630       0x78 build/obj/uart.o
 .debug_aranges
                0x000006a8       0xb0 build/obj/stm32_dma.o
 .debug_aranges
                0x00000758       0x28 build/obj/hal_lld.o
 .debug_aranges
                0x00000780       0x70 build/obj/adc_lld.o
 .debug_aranges
                0x000007f0       0x50 build/obj/gpt_lld.o
 .debug_aranges
                0x00000840       0x58 build/obj/pwm_lld.o
 .debug_aranges
                0x00000898       0x28 build/obj/pal_lld.o
 .debug_aranges
                0x000008c0       0x40 build/obj/serial_lld.o
 .debug_aranges
                0x00000900       0x78 build/obj/uart_lld.o
 .debug_aranges
                0x00000978       0x28 build/obj/board.o
 .debug_aranges
                0x000009a0       0x28 build/obj/chprintf.o
 .debug_aranges
                0x000009c8       0x30 build/obj/main.o

.debug_ranges   0x00000000     0x1160
 .debug_ranges  0x00000000       0xe0 build/obj/crt0.o
 .debug_ranges  0x000000e0       0x10 build/obj/vectors.o
 .debug_ranges  0x000000f0       0x10 build/obj/chcore.o
 .debug_ranges  0x00000100       0x58 build/obj/chcore_v7m.o
 .debug_ranges  0x00000158       0x20 build/obj/nvic.o
 .debug_ranges  0x00000178       0x20 build/obj/chsys.o
 .debug_ranges  0x00000198       0x28 build/obj/chvt.o
 .debug_ranges  0x000001c0      0x1d0 build/obj/chschd.o
 .debug_ranges  0x00000390       0xc8 build/obj/chthreads.o
 .debug_ranges  0x00000458       0x18 build/obj/chregistry.o
 .debug_ranges  0x00000470      0x228 build/obj/chmtx.o
 .debug_ranges  0x00000698       0xa8 build/obj/chevents.o
 .debug_ranges  0x00000740       0xd8 build/obj/chqueues.o
 .debug_ranges  0x00000818       0x28 build/obj/chmemcore.o
 .debug_ranges  0x00000840       0x30 build/obj/chheap.o
 .debug_ranges  0x00000870       0x20 build/obj/hal.o
 .debug_ranges  0x00000890       0xf0 build/obj/adc.o
 .debug_ranges  0x00000980       0x90 build/obj/gpt.o
 .debug_ranges  0x00000a10       0x70 build/obj/pwm.o
 .debug_ranges  0x00000a80       0xa8 build/obj/serial.o
 .debug_ranges  0x00000b28       0xf8 build/obj/uart.o
 .debug_ranges  0x00000c20       0xa0 build/obj/stm32_dma.o
 .debug_ranges  0x00000cc0       0x30 build/obj/hal_lld.o
 .debug_ranges  0x00000cf0       0x60 build/obj/adc_lld.o
 .debug_ranges  0x00000d50       0x40 build/obj/gpt_lld.o
 .debug_ranges  0x00000d90       0x48 build/obj/pwm_lld.o
 .debug_ranges  0x00000dd8      0x120 build/obj/pal_lld.o
 .debug_ranges  0x00000ef8       0x90 build/obj/serial_lld.o
 .debug_ranges  0x00000f88      0x148 build/obj/uart_lld.o
 .debug_ranges  0x000010d0       0x18 build/obj/board.o
 .debug_ranges  0x000010e8       0x58 build/obj/chprintf.o
 .debug_ranges  0x00001140       0x20 build/obj/main.o

.debug_line     0x00000000     0x58ae
 .debug_line    0x00000000      0x16e build/obj/crt0.o
 .debug_line    0x0000016e       0xf8 build/obj/vectors.o
 .debug_line    0x00000266       0x53 build/obj/chcore.o
 .debug_line    0x000002b9      0x228 build/obj/chcore_v7m.o
 .debug_line    0x000004e1      0x137 build/obj/nvic.o
 .debug_line    0x00000618      0x25f build/obj/chsys.o
 .debug_line    0x00000877      0x194 build/obj/chvt.o
 .debug_line    0x00000a0b      0x34b build/obj/chschd.o
 .debug_line    0x00000d56      0x3a0 build/obj/chthreads.o
 .debug_line    0x000010f6      0x22c build/obj/chregistry.o
 .debug_line    0x00001322      0x375 build/obj/chmtx.o
 .debug_line    0x00001697      0x341 build/obj/chevents.o
 .debug_line    0x000019d8      0x3f0 build/obj/chqueues.o
 .debug_line    0x00001dc8      0x1af build/obj/chmemcore.o
 .debug_line    0x00001f77      0x2c8 build/obj/chheap.o
 .debug_line    0x0000223f      0x29d build/obj/hal.o
 .debug_line    0x000024dc      0x3b4 build/obj/adc.o
 .debug_line    0x00002890      0x235 build/obj/gpt.o
 .debug_line    0x00002ac5      0x1e8 build/obj/pwm.o
 .debug_line    0x00002cad      0x3d5 build/obj/serial.o
 .debug_line    0x00003082      0x332 build/obj/uart.o
 .debug_line    0x000033b4      0x416 build/obj/stm32_dma.o
 .debug_line    0x000037ca      0x1ef build/obj/hal_lld.o
 .debug_line    0x000039b9      0x50a build/obj/adc_lld.o
 .debug_line    0x00003ec3      0x29a build/obj/gpt_lld.o
 .debug_line    0x0000415d      0x2f7 build/obj/pwm_lld.o
 .debug_line    0x00004454      0x20f build/obj/pal_lld.o
 .debug_line    0x00004663      0x38b build/obj/serial_lld.o
 .debug_line    0x000049ee      0x4d8 build/obj/uart_lld.o
 .debug_line    0x00004ec6      0x19d build/obj/board.o
 .debug_line    0x00005063      0x34d build/obj/chprintf.o
 .debug_line    0x000053b0      0x4fe build/obj/main.o

.debug_str      0x00000000     0x2848
 .debug_str     0x00000000      0x1c4 build/obj/crt0.o
                                0x1fd (size before relaxing)
 .debug_str     0x000001c4      0x136 build/obj/vectors.o
                                0x214 (size before relaxing)
 .debug_str     0x000002fa       0x2d build/obj/chcore.o
                                 0xe7 (size before relaxing)
 .debug_str     0x00000327      0x2d9 build/obj/chcore_v7m.o
                                0x3bc (size before relaxing)
 .debug_str     0x00000600       0x9e build/obj/nvic.o
                                0x1e6 (size before relaxing)
 .debug_str     0x0000069e      0x205 build/obj/chsys.o
                                0x494 (size before relaxing)
 .debug_str     0x000008a3       0x4c build/obj/chvt.o
                                0x18b (size before relaxing)
 .debug_str     0x000008ef       0xd5 build/obj/chschd.o
                                0x3c9 (size before relaxing)
 .debug_str     0x000009c4       0xd3 build/obj/chthreads.o
                                0x434 (size before relaxing)
 .debug_str     0x00000a97       0x42 build/obj/chregistry.o
                                0x3b7 (size before relaxing)
 .debug_str     0x00000ad9       0x8a build/obj/chmtx.o
                                0x34e (size before relaxing)
 .debug_str     0x00000b63      0x1b9 build/obj/chevents.o
                                0x472 (size before relaxing)
 .debug_str     0x00000d1c      0x126 build/obj/chqueues.o
                                0x3d9 (size before relaxing)
 .debug_str     0x00000e42       0x70 build/obj/chmemcore.o
                                0x152 (size before relaxing)
 .debug_str     0x00000eb2       0xad build/obj/chheap.o
                                0x332 (size before relaxing)
 .debug_str     0x00000f5f      0x187 build/obj/hal.o
                                0x267 (size before relaxing)
 .debug_str     0x000010e6      0x2fa build/obj/adc.o
                                0x5f8 (size before relaxing)
 .debug_str     0x000013e0      0x25a build/obj/gpt.o
                                0x350 (size before relaxing)
 .debug_str     0x0000163a      0x14e build/obj/pwm.o
                                0x329 (size before relaxing)
 .debug_str     0x00001788      0x187 build/obj/serial.o
                                0x55e (size before relaxing)
 .debug_str     0x0000190f      0x275 build/obj/uart.o
                                0x441 (size before relaxing)
 .debug_str     0x00001b84      0x72d build/obj/stm32_dma.o
                                0x90b (size before relaxing)
 .debug_str     0x000022b1       0xb7 build/obj/hal_lld.o
                                0x2f5 (size before relaxing)
 .debug_str     0x00002368       0xda build/obj/adc_lld.o
                                0xc27 (size before relaxing)
 .debug_str     0x00002442       0x4e build/obj/gpt_lld.o
                                0x938 (size before relaxing)
 .debug_str     0x00002490       0x67 build/obj/pwm_lld.o
                                0x961 (size before relaxing)
 .debug_str     0x000024f7       0xc9 build/obj/pal_lld.o
                                0x346 (size before relaxing)
 .debug_str     0x000025c0       0x66 build/obj/serial_lld.o
                                0xaed (size before relaxing)
 .debug_str     0x00002626       0xbd build/obj/uart_lld.o
                                0xa9d (size before relaxing)
 .debug_str     0x000026e3       0x2a build/obj/board.o
                                0x1be (size before relaxing)
 .debug_str     0x0000270d       0xe4 build/obj/chprintf.o
                                0x1e3 (size before relaxing)
 .debug_str     0x000027f1       0x57 build/obj/main.o
                                0x92b (size before relaxing)

.comment        0x00000000       0x30
 .comment       0x00000000       0x30 build/obj/crt0.o
                                 0x31 (size before relaxing)
 .comment       0x00000000       0x31 build/obj/vectors.o
 .comment       0x00000000       0x31 build/obj/chcore.o
 .comment       0x00000000       0x31 build/obj/chcore_v7m.o
 .comment       0x00000000       0x31 build/obj/nvic.o
 .comment       0x00000000       0x31 build/obj/chsys.o
 .comment       0x00000000       0x31 build/obj/chvt.o
 .comment       0x00000000       0x31 build/obj/chschd.o
 .comment       0x00000000       0x31 build/obj/chthreads.o
 .comment       0x00000000       0x31 build/obj/chregistry.o
 .comment       0x00000000       0x31 build/obj/chmtx.o
 .comment       0x00000000       0x31 build/obj/chevents.o
 .comment       0x00000000       0x31 build/obj/chqueues.o
 .comment       0x00000000       0x31 build/obj/chmemcore.o
 .comment       0x00000000       0x31 build/obj/chheap.o
 .comment       0x00000000       0x31 build/obj/hal.o
 .comment       0x00000000       0x31 build/obj/adc.o
 .comment       0x00000000       0x31 build/obj/gpt.o
 .comment       0x00000000       0x31 build/obj/pwm.o
 .comment       0x00000000       0x31 build/obj/serial.o
 .comment       0x00000000       0x31 build/obj/uart.o
 .comment       0x00000000       0x31 build/obj/stm32_dma.o
 .comment       0x00000000       0x31 build/obj/hal_lld.o
 .comment       0x00000000       0x31 build/obj/adc_lld.o
 .comment       0x00000000       0x31 build/obj/gpt_lld.o
 .comment       0x00000000       0x31 build/obj/pwm_lld.o
 .comment       0x00000000       0x31 build/obj/pal_lld.o
 .comment       0x00000000       0x31 build/obj/serial_lld.o
 .comment       0x00000000       0x31 build/obj/uart_lld.o
 .comment       0x00000000       0x31 build/obj/board.o
 .comment       0x00000000       0x31 build/obj/chprintf.o
 .comment       0x00000000       0x31 build/obj/main.o

.ARM.attributes
                0x00000000       0x33
 .ARM.attributes
                0x00000000       0x33 build/obj/crt0.o
 .ARM.attributes
                0x00000033       0x33 build/obj/vectors.o
 .ARM.attributes
                0x00000066       0x33 build/obj/chcore.o
 .ARM.attributes
                0x00000099       0x33 build/obj/chcore_v7m.o
 .ARM.attributes
                0x000000cc       0x33 build/obj/nvic.o
 .ARM.attributes
                0x000000ff       0x33 build/obj/chsys.o
 .ARM.attributes
                0x00000132       0x33 build/obj/chvt.o
 .ARM.attributes
                0x00000165       0x33 build/obj/chschd.o
 .ARM.attributes
                0x00000198       0x33 build/obj/chthreads.o
 .ARM.attributes
                0x000001cb       0x33 build/obj/chregistry.o
 .ARM.attributes
                0x000001fe       0x33 build/obj/chmtx.o
 .ARM.attributes
                0x00000231       0x33 build/obj/chevents.o
 .ARM.attributes
                0x00000264       0x33 build/obj/chqueues.o
 .ARM.attributes
                0x00000297       0x33 build/obj/chmemcore.o
 .ARM.attributes
                0x000002ca       0x33 build/obj/chheap.o
 .ARM.attributes
                0x000002fd       0x33 build/obj/hal.o
 .ARM.attributes
                0x00000330       0x33 build/obj/adc.o
 .ARM.attributes
                0x00000363       0x33 build/obj/gpt.o
 .ARM.attributes
                0x00000396       0x33 build/obj/pwm.o
 .ARM.attributes
                0x000003c9       0x33 build/obj/serial.o
 .ARM.attributes
                0x000003fc       0x33 build/obj/uart.o
 .ARM.attributes
                0x0000042f       0x33 build/obj/stm32_dma.o
 .ARM.attributes
                0x00000462       0x33 build/obj/hal_lld.o
 .ARM.attributes
                0x00000495       0x33 build/obj/adc_lld.o
 .ARM.attributes
                0x000004c8       0x33 build/obj/gpt_lld.o
 .ARM.attributes
                0x000004fb       0x33 build/obj/pwm_lld.o
 .ARM.attributes
                0x0000052e       0x33 build/obj/pal_lld.o
 .ARM.attributes
                0x00000561       0x33 build/obj/serial_lld.o
 .ARM.attributes
                0x00000594       0x33 build/obj/uart_lld.o
 .ARM.attributes
                0x000005c7       0x33 build/obj/board.o
 .ARM.attributes
                0x000005fa       0x33 build/obj/chprintf.o
 .ARM.attributes
                0x0000062d       0x33 build/obj/main.o
 .ARM.attributes
                0x00000660       0x19 c:/program files (x86)/codesourcery/sourcery_codebench_lite_for_arm_eabi/bin/../lib/gcc/arm-none-eabi/4.7.2/thumb2\libgcc.a(_arm_addsubdf3.o)
 .ARM.attributes
                0x00000679       0x19 c:/program files (x86)/codesourcery/sourcery_codebench_lite_for_arm_eabi/bin/../lib/gcc/arm-none-eabi/4.7.2/thumb2\libgcc.a(_arm_muldivdf3.o)
 .ARM.attributes
                0x00000692       0x19 c:/program files (x86)/codesourcery/sourcery_codebench_lite_for_arm_eabi/bin/../lib/gcc/arm-none-eabi/4.7.2/thumb2\libgcc.a(_arm_fixdfsi.o)
 .ARM.attributes
                0x000006ab       0x19 c:/program files (x86)/codesourcery/sourcery_codebench_lite_for_arm_eabi/bin/../lib/gcc/arm-none-eabi/4.7.2/thumb2\libgcc.a(_arm_fixunsdfsi.o)
 .ARM.attributes
                0x000006c4       0x19 c:/program files (x86)/codesourcery/sourcery_codebench_lite_for_arm_eabi/bin/../lib/gcc/arm-none-eabi/4.7.2/thumb2\libgcc.a(_arm_truncdfsf2.o)
 .ARM.attributes
                0x000006dd       0x19 c:/program files (x86)/codesourcery/sourcery_codebench_lite_for_arm_eabi/bin/../lib/gcc/arm-none-eabi/4.7.2/thumb2\libgcc.a(_arm_cmpsf2.o)
 .ARM.attributes
                0x000006f6       0x19 c:/program files (x86)/codesourcery/sourcery_codebench_lite_for_arm_eabi/bin/../lib/gcc/arm-none-eabi/4.7.2/thumb2\libgcc.a(_arm_fixsfsi.o)

.debug_frame    0x00000000     0x1818
 .debug_frame   0x00000000       0x50 build/obj/crt0.o
 .debug_frame   0x00000050       0x20 build/obj/vectors.o
 .debug_frame   0x00000070       0x20 build/obj/chcore.o
 .debug_frame   0x00000090       0x98 build/obj/chcore_v7m.o
 .debug_frame   0x00000128       0x64 build/obj/nvic.o
 .debug_frame   0x0000018c       0x5c build/obj/chsys.o
 .debug_frame   0x000001e8       0x5c build/obj/chvt.o
 .debug_frame   0x00000244       0xf0 build/obj/chschd.o
 .debug_frame   0x00000334      0x160 build/obj/chthreads.o
 .debug_frame   0x00000494       0x3c build/obj/chregistry.o
 .debug_frame   0x000004d0       0xe4 build/obj/chmtx.o
 .debug_frame   0x000005b4      0x1d8 build/obj/chevents.o
 .debug_frame   0x0000078c      0x170 build/obj/chqueues.o
 .debug_frame   0x000008fc       0x50 build/obj/chmemcore.o
 .debug_frame   0x0000094c       0x98 build/obj/chheap.o
 .debug_frame   0x000009e4       0x4c build/obj/hal.o
 .debug_frame   0x00000a30      0x118 build/obj/adc.o
 .debug_frame   0x00000b48      0x108 build/obj/gpt.o
 .debug_frame   0x00000c50       0xb0 build/obj/pwm.o
 .debug_frame   0x00000d00      0x13c build/obj/serial.o
 .debug_frame   0x00000e3c      0x148 build/obj/uart.o
 .debug_frame   0x00000f84      0x230 build/obj/stm32_dma.o
 .debug_frame   0x000011b4       0x3c build/obj/hal_lld.o
 .debug_frame   0x000011f0      0x12c build/obj/adc_lld.o
 .debug_frame   0x0000131c       0xa4 build/obj/gpt_lld.o
 .debug_frame   0x000013c0       0xec build/obj/pwm_lld.o
 .debug_frame   0x000014ac       0x68 build/obj/pal_lld.o
 .debug_frame   0x00001514       0x94 build/obj/serial_lld.o
 .debug_frame   0x000015a8      0x154 build/obj/uart_lld.o
 .debug_frame   0x000016fc       0x30 build/obj/board.o
 .debug_frame   0x0000172c       0x70 build/obj/chprintf.o
 .debug_frame   0x0000179c       0x7c build/obj/main.o

.debug_loc      0x00000000     0x67bc
 .debug_loc     0x00000000      0x10c build/obj/chcore_v7m.o
 .debug_loc     0x0000010c      0x1ca build/obj/nvic.o
 .debug_loc     0x000002d6       0xb6 build/obj/chsys.o
 .debug_loc     0x0000038c       0xda build/obj/chvt.o
 .debug_loc     0x00000466      0x327 build/obj/chschd.o
 .debug_loc     0x0000078d      0x526 build/obj/chthreads.o
 .debug_loc     0x00000cb3       0xb7 build/obj/chregistry.o
 .debug_loc     0x00000d6a      0x4b6 build/obj/chmtx.o
 .debug_loc     0x00001220      0x8a3 build/obj/chevents.o
 .debug_loc     0x00001ac3      0x8c4 build/obj/chqueues.o
 .debug_loc     0x00002387      0x114 build/obj/chmemcore.o
 .debug_loc     0x0000249b      0x37d build/obj/chheap.o
 .debug_loc     0x00002818       0x94 build/obj/hal.o
 .debug_loc     0x000028ac      0x523 build/obj/adc.o
 .debug_loc     0x00002dcf      0x364 build/obj/gpt.o
 .debug_loc     0x00003133      0x25f build/obj/pwm.o
 .debug_loc     0x00003392      0x587 build/obj/serial.o
 .debug_loc     0x00003919      0x4fa build/obj/uart.o
 .debug_loc     0x00003e13      0x4bd build/obj/stm32_dma.o
 .debug_loc     0x000042d0       0x20 build/obj/hal_lld.o
 .debug_loc     0x000042f0      0x4a4 build/obj/adc_lld.o
 .debug_loc     0x00004794      0x15c build/obj/gpt_lld.o
 .debug_loc     0x000048f0      0x39c build/obj/pwm_lld.o
 .debug_loc     0x00004c8c      0x193 build/obj/pal_lld.o
 .debug_loc     0x00004e1f      0x2d9 build/obj/serial_lld.o
 .debug_loc     0x000050f8      0x4ab build/obj/uart_lld.o
 .debug_loc     0x000055a3      0x8f1 build/obj/chprintf.o
 .debug_loc     0x00005e94      0x928 build/obj/main.o

Cross Reference Table

Symbol                                            File
ADCD1                                             build/obj/adc_lld.o
ADCD2                                             build/obj/adc_lld.o
ADCD3                                             build/obj/adc_lld.o
BusFaultVector                                    build/obj/vectors.o
DebugMonitorVector                                build/obj/vectors.o
GPTD2                                             build/obj/gpt_lld.o
                                                  build/obj/main.o
HardFaultVector                                   build/obj/vectors.o
MemManageVector                                   build/obj/vectors.o
NMIVector                                         build/obj/vectors.o
PWMD3                                             build/obj/pwm_lld.o
                                                  build/obj/main.o
PWMD4                                             build/obj/pwm_lld.o
                                                  build/obj/main.o
PendSVVector                                      build/obj/vectors.o
ResetHandler                                      build/obj/crt0.o
                                                  build/obj/vectors.o
SD5                                               build/obj/serial_lld.o
                                                  build/obj/main.o
SVCallVector                                      build/obj/chcore_v7m.o
                                                  build/obj/vectors.o
SysTickVector                                     build/obj/chcore_v7m.o
                                                  build/obj/vectors.o
TestThread                                        build/obj/test.o
UARTD2                                            build/obj/uart_lld.o
                                                  build/obj/main.o
UsageFaultVector                                  build/obj/vectors.o
Vector100                                         build/obj/vectors.o
Vector104                                         build/obj/vectors.o
Vector108                                         build/obj/vectors.o
Vector10C                                         build/obj/vectors.o
Vector110                                         build/obj/vectors.o
Vector114                                         build/obj/serial_lld.o
                                                  build/obj/vectors.o
Vector118                                         build/obj/vectors.o
Vector11C                                         build/obj/vectors.o
Vector120                                         build/obj/stm32_dma.o
                                                  build/obj/vectors.o
Vector124                                         build/obj/stm32_dma.o
                                                  build/obj/vectors.o
Vector128                                         build/obj/stm32_dma.o
                                                  build/obj/vectors.o
Vector12C                                         build/obj/stm32_dma.o
                                                  build/obj/vectors.o
Vector130                                         build/obj/stm32_dma.o
                                                  build/obj/vectors.o
Vector134                                         build/obj/vectors.o
Vector138                                         build/obj/vectors.o
Vector13C                                         build/obj/vectors.o
Vector140                                         build/obj/vectors.o
Vector144                                         build/obj/vectors.o
Vector148                                         build/obj/vectors.o
Vector14C                                         build/obj/vectors.o
Vector150                                         build/obj/stm32_dma.o
                                                  build/obj/vectors.o
Vector154                                         build/obj/stm32_dma.o
                                                  build/obj/vectors.o
Vector158                                         build/obj/stm32_dma.o
                                                  build/obj/vectors.o
Vector15C                                         build/obj/vectors.o
Vector160                                         build/obj/vectors.o
Vector164                                         build/obj/vectors.o
Vector168                                         build/obj/vectors.o
Vector16C                                         build/obj/vectors.o
Vector170                                         build/obj/vectors.o
Vector174                                         build/obj/vectors.o
Vector178                                         build/obj/vectors.o
Vector17C                                         build/obj/vectors.o
Vector180                                         build/obj/vectors.o
Vector184                                         build/obj/vectors.o
Vector1C                                          build/obj/vectors.o
Vector20                                          build/obj/vectors.o
Vector24                                          build/obj/vectors.o
Vector28                                          build/obj/vectors.o
Vector34                                          build/obj/vectors.o
Vector40                                          build/obj/vectors.o
Vector44                                          build/obj/vectors.o
Vector48                                          build/obj/vectors.o
Vector4C                                          build/obj/vectors.o
Vector50                                          build/obj/vectors.o
Vector54                                          build/obj/vectors.o
Vector58                                          build/obj/vectors.o
Vector5C                                          build/obj/vectors.o
Vector60                                          build/obj/vectors.o
Vector64                                          build/obj/vectors.o
Vector68                                          build/obj/vectors.o
Vector6C                                          build/obj/stm32_dma.o
                                                  build/obj/vectors.o
Vector70                                          build/obj/stm32_dma.o
                                                  build/obj/vectors.o
Vector74                                          build/obj/stm32_dma.o
                                                  build/obj/vectors.o
Vector78                                          build/obj/stm32_dma.o
                                                  build/obj/vectors.o
Vector7C                                          build/obj/stm32_dma.o
                                                  build/obj/vectors.o
Vector80                                          build/obj/stm32_dma.o
                                                  build/obj/vectors.o
Vector84                                          build/obj/stm32_dma.o
                                                  build/obj/vectors.o
Vector88                                          build/obj/adc_lld.o
                                                  build/obj/vectors.o
Vector8C                                          build/obj/vectors.o
Vector90                                          build/obj/vectors.o
Vector94                                          build/obj/vectors.o
Vector98                                          build/obj/vectors.o
Vector9C                                          build/obj/vectors.o
VectorA0                                          build/obj/vectors.o
VectorA4                                          build/obj/vectors.o
VectorA8                                          build/obj/vectors.o
VectorAC                                          build/obj/vectors.o
VectorB0                                          build/obj/gpt_lld.o
                                                  build/obj/vectors.o
VectorB4                                          build/obj/pwm_lld.o
                                                  build/obj/vectors.o
VectorB8                                          build/obj/pwm_lld.o
                                                  build/obj/vectors.o
VectorBC                                          build/obj/vectors.o
VectorC0                                          build/obj/vectors.o
VectorC4                                          build/obj/vectors.o
VectorC8                                          build/obj/vectors.o
VectorCC                                          build/obj/vectors.o
VectorD0                                          build/obj/vectors.o
VectorD4                                          build/obj/vectors.o
VectorD8                                          build/obj/uart_lld.o
                                                  build/obj/vectors.o
VectorDC                                          build/obj/vectors.o
VectorE0                                          build/obj/vectors.o
VectorE4                                          build/obj/vectors.o
VectorE8                                          build/obj/vectors.o
VectorEC                                          build/obj/vectors.o
VectorF0                                          build/obj/vectors.o
VectorF4                                          build/obj/vectors.o
VectorF8                                          build/obj/vectors.o
VectorFC                                          build/obj/stm32_dma.o
                                                  build/obj/vectors.o
__adddf3                                          c:/program files (x86)/codesourcery/sourcery_codebench_lite_for_arm_eabi/bin/../lib/gcc/arm-none-eabi/4.7.2/thumb2\libgcc.a(_arm_addsubdf3.o)
__aeabi_cfcmpeq                                   c:/program files (x86)/codesourcery/sourcery_codebench_lite_for_arm_eabi/bin/../lib/gcc/arm-none-eabi/4.7.2/thumb2\libgcc.a(_arm_cmpsf2.o)
__aeabi_cfcmple                                   c:/program files (x86)/codesourcery/sourcery_codebench_lite_for_arm_eabi/bin/../lib/gcc/arm-none-eabi/4.7.2/thumb2\libgcc.a(_arm_cmpsf2.o)
__aeabi_cfrcmple                                  c:/program files (x86)/codesourcery/sourcery_codebench_lite_for_arm_eabi/bin/../lib/gcc/arm-none-eabi/4.7.2/thumb2\libgcc.a(_arm_cmpsf2.o)
__aeabi_d2f                                       c:/program files (x86)/codesourcery/sourcery_codebench_lite_for_arm_eabi/bin/../lib/gcc/arm-none-eabi/4.7.2/thumb2\libgcc.a(_arm_truncdfsf2.o)
                                                  build/obj/chprintf.o
__aeabi_d2iz                                      c:/program files (x86)/codesourcery/sourcery_codebench_lite_for_arm_eabi/bin/../lib/gcc/arm-none-eabi/4.7.2/thumb2\libgcc.a(_arm_fixdfsi.o)
                                                  build/obj/chprintf.o
__aeabi_d2uiz                                     c:/program files (x86)/codesourcery/sourcery_codebench_lite_for_arm_eabi/bin/../lib/gcc/arm-none-eabi/4.7.2/thumb2\libgcc.a(_arm_fixunsdfsi.o)
                                                  build/obj/main.o
__aeabi_dadd                                      c:/program files (x86)/codesourcery/sourcery_codebench_lite_for_arm_eabi/bin/../lib/gcc/arm-none-eabi/4.7.2/thumb2\libgcc.a(_arm_addsubdf3.o)
__aeabi_ddiv                                      c:/program files (x86)/codesourcery/sourcery_codebench_lite_for_arm_eabi/bin/../lib/gcc/arm-none-eabi/4.7.2/thumb2\libgcc.a(_arm_muldivdf3.o)
__aeabi_dmul                                      c:/program files (x86)/codesourcery/sourcery_codebench_lite_for_arm_eabi/bin/../lib/gcc/arm-none-eabi/4.7.2/thumb2\libgcc.a(_arm_muldivdf3.o)
                                                  build/obj/chprintf.o
__aeabi_drsub                                     c:/program files (x86)/codesourcery/sourcery_codebench_lite_for_arm_eabi/bin/../lib/gcc/arm-none-eabi/4.7.2/thumb2\libgcc.a(_arm_addsubdf3.o)
__aeabi_dsub                                      c:/program files (x86)/codesourcery/sourcery_codebench_lite_for_arm_eabi/bin/../lib/gcc/arm-none-eabi/4.7.2/thumb2\libgcc.a(_arm_addsubdf3.o)
                                                  build/obj/chprintf.o
__aeabi_f2d                                       c:/program files (x86)/codesourcery/sourcery_codebench_lite_for_arm_eabi/bin/../lib/gcc/arm-none-eabi/4.7.2/thumb2\libgcc.a(_arm_addsubdf3.o)
                                                  build/obj/chprintf.o
__aeabi_f2iz                                      c:/program files (x86)/codesourcery/sourcery_codebench_lite_for_arm_eabi/bin/../lib/gcc/arm-none-eabi/4.7.2/thumb2\libgcc.a(_arm_fixsfsi.o)
                                                  build/obj/chprintf.o
__aeabi_fcmpeq                                    c:/program files (x86)/codesourcery/sourcery_codebench_lite_for_arm_eabi/bin/../lib/gcc/arm-none-eabi/4.7.2/thumb2\libgcc.a(_arm_cmpsf2.o)
__aeabi_fcmpge                                    c:/program files (x86)/codesourcery/sourcery_codebench_lite_for_arm_eabi/bin/../lib/gcc/arm-none-eabi/4.7.2/thumb2\libgcc.a(_arm_cmpsf2.o)
__aeabi_fcmpgt                                    c:/program files (x86)/codesourcery/sourcery_codebench_lite_for_arm_eabi/bin/../lib/gcc/arm-none-eabi/4.7.2/thumb2\libgcc.a(_arm_cmpsf2.o)
__aeabi_fcmple                                    c:/program files (x86)/codesourcery/sourcery_codebench_lite_for_arm_eabi/bin/../lib/gcc/arm-none-eabi/4.7.2/thumb2\libgcc.a(_arm_cmpsf2.o)
__aeabi_fcmplt                                    c:/program files (x86)/codesourcery/sourcery_codebench_lite_for_arm_eabi/bin/../lib/gcc/arm-none-eabi/4.7.2/thumb2\libgcc.a(_arm_cmpsf2.o)
                                                  build/obj/chprintf.o
__aeabi_i2d                                       c:/program files (x86)/codesourcery/sourcery_codebench_lite_for_arm_eabi/bin/../lib/gcc/arm-none-eabi/4.7.2/thumb2\libgcc.a(_arm_addsubdf3.o)
                                                  build/obj/main.o
                                                  build/obj/chprintf.o
__aeabi_l2d                                       c:/program files (x86)/codesourcery/sourcery_codebench_lite_for_arm_eabi/bin/../lib/gcc/arm-none-eabi/4.7.2/thumb2\libgcc.a(_arm_addsubdf3.o)
__aeabi_ui2d                                      c:/program files (x86)/codesourcery/sourcery_codebench_lite_for_arm_eabi/bin/../lib/gcc/arm-none-eabi/4.7.2/thumb2\libgcc.a(_arm_addsubdf3.o)
__aeabi_ul2d                                      c:/program files (x86)/codesourcery/sourcery_codebench_lite_for_arm_eabi/bin/../lib/gcc/arm-none-eabi/4.7.2/thumb2\libgcc.a(_arm_addsubdf3.o)
__cmpsf2                                          c:/program files (x86)/codesourcery/sourcery_codebench_lite_for_arm_eabi/bin/../lib/gcc/arm-none-eabi/4.7.2/thumb2\libgcc.a(_arm_cmpsf2.o)
__divdf3                                          c:/program files (x86)/codesourcery/sourcery_codebench_lite_for_arm_eabi/bin/../lib/gcc/arm-none-eabi/4.7.2/thumb2\libgcc.a(_arm_muldivdf3.o)
__early_init                                      build/obj/board.o
                                                  build/obj/crt0.o
__eqsf2                                           c:/program files (x86)/codesourcery/sourcery_codebench_lite_for_arm_eabi/bin/../lib/gcc/arm-none-eabi/4.7.2/thumb2\libgcc.a(_arm_cmpsf2.o)
__extendsfdf2                                     c:/program files (x86)/codesourcery/sourcery_codebench_lite_for_arm_eabi/bin/../lib/gcc/arm-none-eabi/4.7.2/thumb2\libgcc.a(_arm_addsubdf3.o)
__fini_array_end                                  build/obj/crt0.o
__fini_array_start                                build/obj/crt0.o
__fixdfsi                                         c:/program files (x86)/codesourcery/sourcery_codebench_lite_for_arm_eabi/bin/../lib/gcc/arm-none-eabi/4.7.2/thumb2\libgcc.a(_arm_fixdfsi.o)
__fixsfsi                                         c:/program files (x86)/codesourcery/sourcery_codebench_lite_for_arm_eabi/bin/../lib/gcc/arm-none-eabi/4.7.2/thumb2\libgcc.a(_arm_fixsfsi.o)
__fixunsdfsi                                      c:/program files (x86)/codesourcery/sourcery_codebench_lite_for_arm_eabi/bin/../lib/gcc/arm-none-eabi/4.7.2/thumb2\libgcc.a(_arm_fixunsdfsi.o)
__floatdidf                                       c:/program files (x86)/codesourcery/sourcery_codebench_lite_for_arm_eabi/bin/../lib/gcc/arm-none-eabi/4.7.2/thumb2\libgcc.a(_arm_addsubdf3.o)
__floatsidf                                       c:/program files (x86)/codesourcery/sourcery_codebench_lite_for_arm_eabi/bin/../lib/gcc/arm-none-eabi/4.7.2/thumb2\libgcc.a(_arm_addsubdf3.o)
__floatundidf                                     c:/program files (x86)/codesourcery/sourcery_codebench_lite_for_arm_eabi/bin/../lib/gcc/arm-none-eabi/4.7.2/thumb2\libgcc.a(_arm_addsubdf3.o)
__floatunsidf                                     c:/program files (x86)/codesourcery/sourcery_codebench_lite_for_arm_eabi/bin/../lib/gcc/arm-none-eabi/4.7.2/thumb2\libgcc.a(_arm_addsubdf3.o)
__gesf2                                           c:/program files (x86)/codesourcery/sourcery_codebench_lite_for_arm_eabi/bin/../lib/gcc/arm-none-eabi/4.7.2/thumb2\libgcc.a(_arm_cmpsf2.o)
__gtsf2                                           c:/program files (x86)/codesourcery/sourcery_codebench_lite_for_arm_eabi/bin/../lib/gcc/arm-none-eabi/4.7.2/thumb2\libgcc.a(_arm_cmpsf2.o)
__heap_base__                                     build/obj/chmemcore.o
__heap_end__                                      build/obj/chmemcore.o
__init_array_end                                  build/obj/crt0.o
__init_array_start                                build/obj/crt0.o
__late_init                                       build/obj/crt0.o
__lesf2                                           c:/program files (x86)/codesourcery/sourcery_codebench_lite_for_arm_eabi/bin/../lib/gcc/arm-none-eabi/4.7.2/thumb2\libgcc.a(_arm_cmpsf2.o)
__ltsf2                                           c:/program files (x86)/codesourcery/sourcery_codebench_lite_for_arm_eabi/bin/../lib/gcc/arm-none-eabi/4.7.2/thumb2\libgcc.a(_arm_cmpsf2.o)
__main_stack_base__                               build/obj/crt0.o
__main_stack_end__                                build/obj/vectors.o
                                                  build/obj/crt0.o
__muldf3                                          c:/program files (x86)/codesourcery/sourcery_codebench_lite_for_arm_eabi/bin/../lib/gcc/arm-none-eabi/4.7.2/thumb2\libgcc.a(_arm_muldivdf3.o)
__nesf2                                           c:/program files (x86)/codesourcery/sourcery_codebench_lite_for_arm_eabi/bin/../lib/gcc/arm-none-eabi/4.7.2/thumb2\libgcc.a(_arm_cmpsf2.o)
__process_stack_base__                            build/obj/crt0.o
__process_stack_end__                             build/obj/crt0.o
__subdf3                                          c:/program files (x86)/codesourcery/sourcery_codebench_lite_for_arm_eabi/bin/../lib/gcc/arm-none-eabi/4.7.2/thumb2\libgcc.a(_arm_addsubdf3.o)
__truncdfsf2                                      c:/program files (x86)/codesourcery/sourcery_codebench_lite_for_arm_eabi/bin/../lib/gcc/arm-none-eabi/4.7.2/thumb2\libgcc.a(_arm_truncdfsf2.o)
_bss_end                                          build/obj/crt0.o
_bss_start                                        build/obj/crt0.o
_core_init                                        build/obj/chmemcore.o
                                                  build/obj/chsys.o
_data                                             build/obj/crt0.o
_default_exit                                     build/obj/crt0.o
_edata                                            build/obj/crt0.o
_heap_init                                        build/obj/chheap.o
                                                  build/obj/chsys.o
_idle_thread                                      build/obj/chsys.o
_idle_thread_wa                                   build/obj/chsys.o
_pal_lld_init                                     build/obj/pal_lld.o
                                                  build/obj/hal.o
_pal_lld_setgroupmode                             build/obj/pal_lld.o
                                                  build/obj/main.o
                                                  build/obj/pal.o
_port_init                                        build/obj/chcore_v7m.o
                                                  build/obj/chsys.o
_port_irq_epilogue                                build/obj/chcore_v7m.o
                                                  build/obj/uart_lld.o
                                                  build/obj/serial_lld.o
                                                  build/obj/pwm_lld.o
                                                  build/obj/gpt_lld.o
                                                  build/obj/adc_lld.o
                                                  build/obj/stm32_dma.o
_port_switch                                      build/obj/chcore_v7m.o
                                                  build/obj/chschd.o
_port_switch_from_isr                             build/obj/chcore_v7m.o
_port_thread_start                                build/obj/chcore_v7m.o
                                                  build/obj/chthreads.o
_scheduler_init                                   build/obj/chschd.o
                                                  build/obj/chsys.o
_stm32_dma_streams                                build/obj/stm32_dma.o
                                                  build/obj/uart_lld.o
                                                  build/obj/adc_lld.o
_test_assert                                      build/obj/test.o
                                                  build/obj/testqueues.o
                                                  build/obj/testdyn.o
                                                  build/obj/testpools.o
                                                  build/obj/testheap.o
                                                  build/obj/testevt.o
                                                  build/obj/testmbox.o
                                                  build/obj/testmtx.o
                                                  build/obj/testsem.o
                                                  build/obj/testthd.o
_test_assert_sequence                             build/obj/test.o
                                                  build/obj/testqueues.o
                                                  build/obj/testdyn.o
                                                  build/obj/testevt.o
                                                  build/obj/testmbox.o
                                                  build/obj/testmsg.o
                                                  build/obj/testmtx.o
                                                  build/obj/testsem.o
                                                  build/obj/testthd.o
_test_assert_time_window                          build/obj/test.o
                                                  build/obj/testevt.o
                                                  build/obj/testmtx.o
                                                  build/obj/testsem.o
                                                  build/obj/testthd.o
_test_fail                                        build/obj/test.o
_textdata                                         build/obj/crt0.o
_thread_init                                      build/obj/chthreads.o
                                                  build/obj/chsys.o
_unhandled_exception                              build/obj/vectors.o
_vectors                                          build/obj/vectors.o
_vt_init                                          build/obj/chvt.o
                                                  build/obj/chsys.o
adcAcquireBus                                     build/obj/adc.o
adcConvert                                        build/obj/adc.o
adcInit                                           build/obj/adc.o
                                                  build/obj/hal.o
adcObjectInit                                     build/obj/adc.o
                                                  build/obj/adc_lld.o
adcReleaseBus                                     build/obj/adc.o
adcSTM32DisableTSVREFE                            build/obj/adc_lld.o
adcSTM32DisableVBATE                              build/obj/adc_lld.o
adcSTM32EnableTSVREFE                             build/obj/adc_lld.o
adcSTM32EnableVBATE                               build/obj/adc_lld.o
adcStart                                          build/obj/adc.o
adcStartConversion                                build/obj/adc.o
adcStartConversionI                               build/obj/adc.o
adcStop                                           build/obj/adc.o
adcStopConversion                                 build/obj/adc.o
adcStopConversionI                                build/obj/adc.o
adc_lld_init                                      build/obj/adc_lld.o
                                                  build/obj/adc.o
adc_lld_start                                     build/obj/adc_lld.o
                                                  build/obj/adc.o
adc_lld_start_conversion                          build/obj/adc_lld.o
                                                  build/obj/adc.o
adc_lld_stop                                      build/obj/adc_lld.o
                                                  build/obj/adc.o
adc_lld_stop_conversion                           build/obj/adc_lld.o
                                                  build/obj/adc.o
boardInit                                         build/obj/board.o
                                                  build/obj/hal.o
chCondBroadcast                                   build/obj/chcond.o
                                                  build/obj/testmtx.o
chCondBroadcastI                                  build/obj/chcond.o
chCondInit                                        build/obj/chcond.o
                                                  build/obj/testmtx.o
chCondSignal                                      build/obj/chcond.o
                                                  build/obj/testmtx.o
chCondSignalI                                     build/obj/chcond.o
                                                  build/obj/testmtx.o
chCondWait                                        build/obj/chcond.o
                                                  build/obj/testmtx.o
chCondWaitS                                       build/obj/chcond.o
chCondWaitTimeout                                 build/obj/chcond.o
                                                  build/obj/testmtx.o
chCondWaitTimeoutS                                build/obj/chcond.o
chCoreAlloc                                       build/obj/chmemcore.o
                                                  build/obj/chheap.o
chCoreAllocI                                      build/obj/chmemcore.o
chCoreStatus                                      build/obj/chmemcore.o
                                                  build/obj/testheap.o
chEvtAddEvents                                    build/obj/chevents.o
                                                  build/obj/testevt.o
chEvtBroadcastFlags                               build/obj/chevents.o
                                                  build/obj/testevt.o
chEvtBroadcastFlagsI                              build/obj/chevents.o
                                                  build/obj/serial_lld.o
                                                  build/obj/serial.o
chEvtDispatch                                     build/obj/chevents.o
                                                  build/obj/testevt.o
chEvtGetAndClearEvents                            build/obj/chevents.o
                                                  build/obj/testevt.o
chEvtGetAndClearFlags                             build/obj/chevents.o
chEvtGetAndClearFlagsI                            build/obj/chevents.o
chEvtRegisterMask                                 build/obj/chevents.o
                                                  build/obj/testevt.o
chEvtSignal                                       build/obj/chevents.o
                                                  build/obj/testevt.o
chEvtSignalI                                      build/obj/chevents.o
chEvtUnregister                                   build/obj/chevents.o
                                                  build/obj/testevt.o
chEvtWaitAll                                      build/obj/chevents.o
                                                  build/obj/testevt.o
chEvtWaitAllTimeout                               build/obj/chevents.o
                                                  build/obj/testevt.o
chEvtWaitAny                                      build/obj/chevents.o
                                                  build/obj/testevt.o
chEvtWaitAnyTimeout                               build/obj/chevents.o
                                                  build/obj/testevt.o
chEvtWaitOne                                      build/obj/chevents.o
                                                  build/obj/testevt.o
chEvtWaitOneTimeout                               build/obj/chevents.o
                                                  build/obj/testevt.o
chHeapAlloc                                       build/obj/chheap.o
                                                  build/obj/testdyn.o
                                                  build/obj/testheap.o
                                                  build/obj/chdynamic.o
chHeapFree                                        build/obj/chheap.o
                                                  build/obj/testdyn.o
                                                  build/obj/testheap.o
                                                  build/obj/chdynamic.o
chHeapInit                                        build/obj/chheap.o
                                                  build/obj/testdyn.o
                                                  build/obj/testheap.o
chHeapStatus                                      build/obj/chheap.o
                                                  build/obj/testdyn.o
                                                  build/obj/testheap.o
chIQGetTimeout                                    build/obj/chqueues.o
                                                  build/obj/serial.o
                                                  build/obj/testbmk.o
                                                  build/obj/testqueues.o
chIQInit                                          build/obj/chqueues.o
                                                  build/obj/serial.o
                                                  build/obj/testbmk.o
                                                  build/obj/testqueues.o
chIQPutI                                          build/obj/chqueues.o
                                                  build/obj/serial.o
                                                  build/obj/testbmk.o
                                                  build/obj/testqueues.o
chIQReadTimeout                                   build/obj/chqueues.o
                                                  build/obj/serial.o
                                                  build/obj/testqueues.o
chIQResetI                                        build/obj/chqueues.o
                                                  build/obj/serial.o
                                                  build/obj/testqueues.o
chMBFetch                                         build/obj/chmboxes.o
                                                  build/obj/testmbox.o
chMBFetchI                                        build/obj/chmboxes.o
                                                  build/obj/testmbox.o
chMBFetchS                                        build/obj/chmboxes.o
chMBInit                                          build/obj/chmboxes.o
                                                  build/obj/testmbox.o
chMBPost                                          build/obj/chmboxes.o
                                                  build/obj/testmbox.o
chMBPostAhead                                     build/obj/chmboxes.o
                                                  build/obj/testmbox.o
chMBPostAheadI                                    build/obj/chmboxes.o
                                                  build/obj/testmbox.o
chMBPostAheadS                                    build/obj/chmboxes.o
chMBPostI                                         build/obj/chmboxes.o
                                                  build/obj/testmbox.o
chMBPostS                                         build/obj/chmboxes.o
chMBReset                                         build/obj/chmboxes.o
                                                  build/obj/testmbox.o
chMsgRelease                                      build/obj/chmsg.o
                                                  build/obj/testbmk.o
                                                  build/obj/testmsg.o
chMsgSend                                         build/obj/chmsg.o
                                                  build/obj/testbmk.o
                                                  build/obj/testmsg.o
chMsgWait                                         build/obj/chmsg.o
                                                  build/obj/testbmk.o
                                                  build/obj/testmsg.o
chMtxInit                                         build/obj/chmtx.o
                                                  build/obj/adc.o
                                                  build/obj/testbmk.o
                                                  build/obj/testmtx.o
                                                  build/obj/chheap.o
chMtxLock                                         build/obj/chmtx.o
                                                  build/obj/adc.o
                                                  build/obj/testbmk.o
                                                  build/obj/testmtx.o
                                                  build/obj/chheap.o
chMtxLockS                                        build/obj/chmtx.o
                                                  build/obj/chcond.o
chMtxTryLock                                      build/obj/chmtx.o
                                                  build/obj/testmtx.o
chMtxTryLockS                                     build/obj/chmtx.o
chMtxUnlock                                       build/obj/chmtx.o
                                                  build/obj/adc.o
                                                  build/obj/testbmk.o
                                                  build/obj/testmtx.o
                                                  build/obj/chheap.o
chMtxUnlockAll                                    build/obj/chmtx.o
                                                  build/obj/testmtx.o
chMtxUnlockS                                      build/obj/chmtx.o
                                                  build/obj/testmtx.o
                                                  build/obj/chcond.o
chOQGetI                                          build/obj/chqueues.o
                                                  build/obj/serial_lld.o
                                                  build/obj/serial.o
                                                  build/obj/testqueues.o
chOQInit                                          build/obj/chqueues.o
                                                  build/obj/serial.o
                                                  build/obj/testqueues.o
chOQPutTimeout                                    build/obj/chqueues.o
                                                  build/obj/serial.o
                                                  build/obj/testqueues.o
chOQResetI                                        build/obj/chqueues.o
                                                  build/obj/serial.o
                                                  build/obj/testqueues.o
chOQWriteTimeout                                  build/obj/chqueues.o
                                                  build/obj/serial.o
                                                  build/obj/testqueues.o
chPoolAlloc                                       build/obj/chmempools.o
                                                  build/obj/testdyn.o
                                                  build/obj/testpools.o
                                                  build/obj/chdynamic.o
chPoolAllocI                                      build/obj/chmempools.o
chPoolFree                                        build/obj/chmempools.o
                                                  build/obj/testdyn.o
                                                  build/obj/testpools.o
                                                  build/obj/chdynamic.o
chPoolFreeI                                       build/obj/chmempools.o
chPoolInit                                        build/obj/chmempools.o
                                                  build/obj/testdyn.o
                                                  build/obj/testpools.o
chPoolLoadArray                                   build/obj/chmempools.o
                                                  build/obj/testpools.o
chRegFirstThread                                  build/obj/chregistry.o